// Jest Snapshot v1, https://goo.gl/fbAQLP

exports[`<PreviewImage /> should match snapshot 1`] = `
<DocumentFragment>
  <img
    alt="Preview"
    class="sc-bdvvtL kJkrPP"
    src="test.jpg"
  />
</DocumentFragment>
`;
