// Jest Snapshot v1, https://goo.gl/fbAQLP

exports[`<TopWrapper /> should match snapshot 1`] = `
<DocumentFragment>
  <div
    class="sc-bdvvtL isRMAQ"
  >
    <span
      class="sc-gsDKAQ kcwFXz"
    />
  </div>
</DocumentFragment>
`;
