// Jest Snapshot v1, https://goo.gl/fbAQLP

exports[`<DisplayMessage /> should match snapshot 1`] = `
<DocumentFragment>
  <div
    class="sc-bdvvtL gYpFnL"
    data-testid="message"
  >
    message text
  </div>
</DocumentFragment>
`;
